2017-12-12 11:22:03,590 [ INFO] Получить параметры. at {ru.apertum.qsystem.common.NetCommander.getProperties(NetCommander.java:1755)}
2017-12-12 11:22:03,664 [TRACE] Task "Все параметры из БД" on 127.0.0.1:3128#
{"params":{},"jsonrpc":"2.0","id":"1513070523413","method":"Все параметры из БД"} at {ru.apertum.qsystem.common.NetCommander.sendRpc(NetCommander.java:133)}
2017-12-12 11:22:04,756 [ INFO] Languages are loading... at {ru.apertum.qsystem.client.Locales.<init>(Locales.java:79)}
2017-12-12 11:22:04,761 [DEBUG]    Langusge: Az?rbaycan az_AZ at {ru.apertum.qsystem.client.Locales.<init>(Locales.java:119)}
2017-12-12 11:22:04,762 [DEBUG]    Langusge: English en_US at {ru.apertum.qsystem.client.Locales.<init>(Locales.java:119)}
2017-12-12 11:22:04,764 [DEBUG]    Langusge: Espanol es_ES at {ru.apertum.qsystem.client.Locales.<init>(Locales.java:119)}
2017-12-12 11:22:04,765 [DEBUG]    Langusge: Fran?ais fr_FR at {ru.apertum.qsystem.client.Locales.<init>(Locales.java:119)}
2017-12-12 11:22:04,766 [DEBUG]    Langusge: Italiano it_IT at {ru.apertum.qsystem.client.Locales.<init>(Locales.java:119)}
2017-12-12 11:22:04,767 [DEBUG]    Langusge: Portugu?s pt_PT at {ru.apertum.qsystem.client.Locales.<init>(Locales.java:119)}
2017-12-12 11:22:04,769 [DEBUG]    Langusge: Roman ro_RO at {ru.apertum.qsystem.client.Locales.<init>(Locales.java:119)}
2017-12-12 11:22:04,770 [DEBUG]    Langusge: Русский ru_RU at {ru.apertum.qsystem.client.Locales.<init>(Locales.java:119)}
2017-12-12 11:22:04,772 [DEBUG]    Langusge: Українська uk_UA at {ru.apertum.qsystem.client.Locales.<init>(Locales.java:119)}
2017-12-12 11:22:04,792 [ERROR] Exception!: Невозможно подключиться к серверу. at {ru.apertum.qsystem.common.exceptions.QException.<init>(QException.java:34)}
java.net.ConnectException: Connection refused: connect
	at java.net.DualStackPlainSocketImpl.waitForConnect(Native Method)
	at java.net.DualStackPlainSocketImpl.socketConnect(DualStackPlainSocketImpl.java:85)
	at java.net.AbstractPlainSocketImpl.doConnect(AbstractPlainSocketImpl.java:350)
	at java.net.AbstractPlainSocketImpl.connectToAddress(AbstractPlainSocketImpl.java:206)
	at java.net.AbstractPlainSocketImpl.connect(AbstractPlainSocketImpl.java:188)
	at java.net.PlainSocketImpl.connect(PlainSocketImpl.java:172)
	at java.net.Socket.connect(Socket.java:589)
	at ru.apertum.qsystem.common.NetCommander.sendRpc(NetCommander.java:136)
	at ru.apertum.qsystem.common.NetCommander.send(NetCommander.java:117)
	at ru.apertum.qsystem.common.NetCommander.getProperties(NetCommander.java:1760)
	at ru.apertum.qsystem.client.QProperties.load(QProperties.java:67)
	at ru.apertum.qsystem.client.QProperties.load(QProperties.java:56)
	at ru.apertum.qsystem.client.forms.FClient.main(FClient.java:2290)
2017-12-12 11:22:04,793 [ERROR] Exception!: Невозможно получить ответ от сервера. at {ru.apertum.qsystem.common.exceptions.QException.<init>(QException.java:34)}
ru.apertum.qsystem.common.exceptions.QException: Невозможно подключиться к серверу.
	at ru.apertum.qsystem.common.NetCommander.sendRpc(NetCommander.java:139)
	at ru.apertum.qsystem.common.NetCommander.send(NetCommander.java:117)
	at ru.apertum.qsystem.common.NetCommander.getProperties(NetCommander.java:1760)
	at ru.apertum.qsystem.client.QProperties.load(QProperties.java:67)
	at ru.apertum.qsystem.client.QProperties.load(QProperties.java:56)
	at ru.apertum.qsystem.client.forms.FClient.main(FClient.java:2290)
Caused by: java.net.ConnectException: Connection refused: connect
	at java.net.DualStackPlainSocketImpl.waitForConnect(Native Method)
	at java.net.DualStackPlainSocketImpl.socketConnect(DualStackPlainSocketImpl.java:85)
	at java.net.AbstractPlainSocketImpl.doConnect(AbstractPlainSocketImpl.java:350)
	at java.net.AbstractPlainSocketImpl.connectToAddress(AbstractPlainSocketImpl.java:206)
	at java.net.AbstractPlainSocketImpl.connect(AbstractPlainSocketImpl.java:188)
	at java.net.PlainSocketImpl.connect(PlainSocketImpl.java:172)
	at java.net.Socket.connect(Socket.java:589)
	at ru.apertum.qsystem.common.NetCommander.sendRpc(NetCommander.java:136)
	... 5 more
2017-12-12 11:22:04,793 [ERROR] Error! Проблема с командой. 
ru.apertum.qsystem.common.exceptions.QException: Невозможно получить ответ от сервера. at {ru.apertum.qsystem.common.exceptions.ServerException.<init>(ServerException.java:42)}
ru.apertum.qsystem.common.exceptions.ClientException: Проблема с командой. 
	at ru.apertum.qsystem.common.NetCommander.getProperties(NetCommander.java:1762)
	at ru.apertum.qsystem.client.QProperties.load(QProperties.java:67)
	at ru.apertum.qsystem.client.QProperties.load(QProperties.java:56)
	at ru.apertum.qsystem.client.forms.FClient.main(FClient.java:2290)
Caused by: ru.apertum.qsystem.common.exceptions.QException: Невозможно получить ответ от сервера.
	at ru.apertum.qsystem.common.NetCommander.sendRpc(NetCommander.java:164)
	at ru.apertum.qsystem.common.NetCommander.send(NetCommander.java:117)
	at ru.apertum.qsystem.common.NetCommander.getProperties(NetCommander.java:1760)
	... 3 more
Caused by: ru.apertum.qsystem.common.exceptions.QException: Невозможно подключиться к серверу.
	at ru.apertum.qsystem.common.NetCommander.sendRpc(NetCommander.java:139)
	... 5 more
Caused by: java.net.ConnectException: Connection refused: connect
	at java.net.DualStackPlainSocketImpl.waitForConnect(Native Method)
	at java.net.DualStackPlainSocketImpl.socketConnect(DualStackPlainSocketImpl.java:85)
	at java.net.AbstractPlainSocketImpl.doConnect(AbstractPlainSocketImpl.java:350)
	at java.net.AbstractPlainSocketImpl.connectToAddress(AbstractPlainSocketImpl.java:206)
	at java.net.AbstractPlainSocketImpl.connect(AbstractPlainSocketImpl.java:188)
	at java.net.PlainSocketImpl.connect(PlainSocketImpl.java:172)
	at java.net.Socket.connect(Socket.java:589)
	at ru.apertum.qsystem.common.NetCommander.sendRpc(NetCommander.java:136)
	... 5 more
